[html.aqlova.com/kindaid-demo/kindaid/index-2.html]
[backblue.gif]
[fade.gif]
[index.html]
[html.aqlova.com/kindaid-demo/kindaid/assets/img/logo/favicon.png]
[html.aqlova.com/kindaid-demo/kindaid/assets/css/bootstrap.min.css]
[html.aqlova.com/kindaid-demo/kindaid/assets/css/animate.css]
[html.aqlova.com/kindaid-demo/kindaid/assets/css/swiper-bundle.css]
[html.aqlova.com/kindaid-demo/kindaid/assets/css/magnific-popup.css]
[html.aqlova.com/kindaid-demo/kindaid/assets/css/spacing.css]
[html.aqlova.com/kindaid-demo/kindaid/assets/css/font-awesome-pro.css]
[html.aqlova.com/kindaid-demo/kindaid/assets/css/main.css]
[html.aqlova.com/kindaid-demo/kindaid/index.html]
[html.aqlova.com/kindaid-demo/kindaid/assets/img/logo/logo.png]
[html.aqlova.com/kindaid-demo/kindaid/assets/img/gallery/gallery-1.jpg]
[html.aqlova.com/kindaid-demo/kindaid/assets/img/gallery/gallery-2.jpg]
[html.aqlova.com/kindaid-demo/kindaid/assets/img/gallery/gallery-3.jpg]
[html.aqlova.com/kindaid-demo/kindaid/assets/img/gallery/gallery-4.jpg]
[html.aqlova.com/kindaid-demo/kindaid/shop-details.html]
[html.aqlova.com/kindaid-demo/kindaid/assets/img/product/product-4.jpg]
[html.aqlova.com/kindaid-demo/kindaid/assets/img/product/product-2.jpg]
[html.aqlova.com/kindaid-demo/kindaid/assets/img/product/product-3.jpg]
[html.aqlova.com/kindaid-demo/kindaid/assets/img/product/cart/empty-cart.png]
[html.aqlova.com/kindaid-demo/kindaid/shop.html]
[html.aqlova.com/kindaid-demo/kindaid/cart.html]
[html.aqlova.com/kindaid-demo/kindaid/checkout.html]
[html.aqlova.com/kindaid-demo/kindaid/index-3.html]
[html.aqlova.com/kindaid-demo/kindaid/about.html]
[html.aqlova.com/kindaid-demo/kindaid/causes.html]
[html.aqlova.com/kindaid-demo/kindaid/causes-details.html]
[html.aqlova.com/kindaid-demo/kindaid/service.html]
[html.aqlova.com/kindaid-demo/kindaid/events.html]
[html.aqlova.com/kindaid-demo/kindaid/events-details.html]
[html.aqlova.com/kindaid-demo/kindaid/team.html]
[html.aqlova.com/kindaid-demo/kindaid/team-details.html]
[html.aqlova.com/kindaid-demo/kindaid/faq.html]
[html.aqlova.com/kindaid-demo/kindaid/contact.html]
[html.aqlova.com/kindaid-demo/kindaid/blog.html]
[html.aqlova.com/kindaid-demo/kindaid/blog-standard.html]
[html.aqlova.com/kindaid-demo/kindaid/blog-details.html]
[html.aqlova.com/kindaid-demo/kindaid/donate.html]
[html.aqlova.com/kindaid-demo/kindaid/assets/img/hero/hero-2/thumb.jpg]
[html.aqlova.com/kindaid-demo/kindaid/assets/img/hero/hero-2/thumb-2.jpg]
[html.aqlova.com/kindaid-demo/kindaid/assets/img/hero/hero-2/thumb-3.jpg]
[html.aqlova.com/kindaid-demo/kindaid/assets/img/brand/brand-2/logo.png]
[html.aqlova.com/kindaid-demo/kindaid/assets/img/brand/brand-2/logo-2.png]
[html.aqlova.com/kindaid-demo/kindaid/assets/img/brand/brand-2/logo-3.png]
[html.aqlova.com/kindaid-demo/kindaid/assets/img/brand/brand-2/logo-4.png]
[html.aqlova.com/kindaid-demo/kindaid/assets/img/brand/brand-2/logo-5.png]
[html.aqlova.com/kindaid-demo/kindaid/assets/img/brand/brand-2/logo-6.png]
[html.aqlova.com/kindaid-demo/kindaid/assets/img/brand/brand-2/logo-7.png]
[html.aqlova.com/kindaid-demo/kindaid/assets/img/about/thumb.jpg]
[html.aqlova.com/kindaid-demo/kindaid/assets/img/about/user.png]
[html.aqlova.com/kindaid-demo/kindaid/assets/img/causes/thumb.jpg]
[html.aqlova.com/kindaid-demo/kindaid/assets/img/causes/thumb-2.jpg]
[html.aqlova.com/kindaid-demo/kindaid/assets/img/causes/thumb-3.jpg]
[html.aqlova.com/kindaid-demo/kindaid/assets/img/causes/thumb-4.jpg]
[html.aqlova.com/kindaid-demo/kindaid/assets/img/about/about-2/thumb.jpg]
[html.aqlova.com/kindaid-demo/kindaid/assets/img/about/about-2/map.png]
[html.aqlova.com/kindaid-demo/kindaid/assets/img/about/about-2/icon.png]
[html.aqlova.com/kindaid-demo/kindaid/assets/img/testimonial/author-1.png]
[html.aqlova.com/kindaid-demo/kindaid/assets/img/testimonial/author-2.png]
[html.aqlova.com/kindaid-demo/kindaid/index-2.html]
[html.aqlova.com/kindaid-demo/kindaid/assets/css/bootstrap.min.css]
[html.aqlova.com/kindaid-demo/kindaid/assets/css/animate.css]
[html.aqlova.com/kindaid-demo/kindaid/assets/css/swiper-bundle.css]
[html.aqlova.com/kindaid-demo/kindaid/assets/css/magnific-popup.css]
[html.aqlova.com/kindaid-demo/kindaid/assets/fonts/fa-duotone-900.woff2]
[html.aqlova.com/kindaid-demo/kindaid/assets/fonts/fa-duotone-900.ttf]
[html.aqlova.com/kindaid-demo/kindaid/assets/fonts/fa-thin-100.woff2]
[html.aqlova.com/kindaid-demo/kindaid/assets/fonts/fa-thin-100.ttf]
[html.aqlova.com/kindaid-demo/kindaid/assets/fonts/fa-v4compatibility.woff2]
[html.aqlova.com/kindaid-demo/kindaid/assets/fonts/fa-v4compatibility.ttf]
[html.aqlova.com/kindaid-demo/kindaid/assets/css/font-awesome-pro.css]
[html.aqlova.com/kindaid-demo/kindaid/assets/css/spacing.css]
[html.aqlova.com/kindaid-demo/kindaid/assets/css/images/ui-icons_444444_256x240.png]
[html.aqlova.com/kindaid-demo/kindaid/assets/css/images/ui-icons_555555_256x240.png]
[html.aqlova.com/kindaid-demo/kindaid/assets/css/images/ui-icons_ffffff_256x240.png]
[html.aqlova.com/kindaid-demo/kindaid/assets/css/images/ui-icons_777620_256x240.png]
[html.aqlova.com/kindaid-demo/kindaid/assets/css/images/ui-icons_cc0000_256x240.png]
[html.aqlova.com/kindaid-demo/kindaid/assets/css/images/ui-icons_777777_256x240.png]
[html.aqlova.com/kindaid-demo/kindaid/assets/css/main.css]
[html.aqlova.com/kindaid-demo/kindaid/index.html]
[html.aqlova.com/kindaid-demo/kindaid/shop-details.html]
[html.aqlova.com/kindaid-demo/kindaid/shop.html]
[html.aqlova.com/kindaid-demo/kindaid/cart.html]
[html.aqlova.com/kindaid-demo/kindaid/checkout.html]
[html.aqlova.com/kindaid-demo/kindaid/index-3.html]
[html.aqlova.com/kindaid-demo/kindaid/about.html]
[html.aqlova.com/kindaid-demo/kindaid/causes.html]
[html.aqlova.com/kindaid-demo/kindaid/causes-details.html]
[html.aqlova.com/kindaid-demo/kindaid/service.html]
[html.aqlova.com/kindaid-demo/kindaid/events.html]
[html.aqlova.com/kindaid-demo/kindaid/events-details.html]
[html.aqlova.com/kindaid-demo/kindaid/team.html]
[html.aqlova.com/kindaid-demo/kindaid/team-details.html]
[html.aqlova.com/kindaid-demo/kindaid/faq.html]
[html.aqlova.com/kindaid-demo/kindaid/contact.html]
[html.aqlova.com/kindaid-demo/kindaid/blog.html]
[html.aqlova.com/kindaid-demo/kindaid/blog-standard.html]
[html.aqlova.com/kindaid-demo/kindaid/blog-details.html]
[html.aqlova.com/kindaid-demo/kindaid/donate.html]
[html.aqlova.com/kindaid-demo/kindaid/assets/img/testimonial/author-3.html]
[html.aqlova.com/kindaid-demo/kindaid/assets/img/gallery/gallery-5.html]
[html.aqlova.com/kindaid-demo/kindaid/assets/img/events/events-2/thumb.html]
[html.aqlova.com/kindaid-demo/kindaid/assets/img/events/events-2/thumb-2.html]
[html.aqlova.com/kindaid-demo/kindaid/assets/img/events/events-2/thumb-3.html]
[html.aqlova.com/kindaid-demo/kindaid/assets/img/events/events-2/thumb-4.html]
[html.aqlova.com/kindaid-demo/kindaid/assets/img/blog/blog.html]
[html.aqlova.com/kindaid-demo/kindaid/assets/img/blog/blog-2.html]
[html.aqlova.com/kindaid-demo/kindaid/assets/img/blog/blog-3.html]
[html.aqlova.com/kindaid-demo/kindaid/assets/img/update/footer/footer.html]
[html.aqlova.com/kindaid-demo/kindaid/assets/img/logo/logo-yellow.html]
[html.aqlova.com/kindaid-demo/kindaid/assets/img/footer/bg-2.html]
[html.aqlova.com/kindaid-demo/kindaid/assets/js/vendor/jquery.html]
[html.aqlova.com/kindaid-demo/kindaid/assets/js/bootstrap-min.html]
[html.aqlova.com/kindaid-demo/kindaid/assets/js/swiper-bundle.html]
[html.aqlova.com/kindaid-demo/kindaid/assets/js/magnific-popup.html]
[html.aqlova.com/kindaid-demo/kindaid/assets/js/nice-select.html]
[html.aqlova.com/kindaid-demo/kindaid/assets/js/purecounter.html]
[html.aqlova.com/kindaid-demo/kindaid/assets/js/imagesloaded-pkgd.html]
[html.aqlova.com/kindaid-demo/kindaid/assets/js/range-slider.html]
[html.aqlova.com/kindaid-demo/kindaid/assets/js/ajax-form.html]
[html.aqlova.com/kindaid-demo/kindaid/assets/js/parallax.html]
[html.aqlova.com/kindaid-demo/kindaid/assets/js/parallax-scroll.html]
[html.aqlova.com/kindaid-demo/kindaid/assets/js/wow.min.html]
[html.aqlova.com/kindaid-demo/kindaid/assets/js/slider-init.html]
[html.aqlova.com/kindaid-demo/kindaid/assets/js/main.html]
[html.aqlova.com/kindaid-demo/kindaid/assets/fonts/fa-brands-400.html]
[html.aqlova.com/kindaid-demo/kindaid/assets/fonts/fa-brands-401.html]
[html.aqlova.com/kindaid-demo/kindaid/assets/fonts/fa-duotone-900.html]
[html.aqlova.com/kindaid-demo/kindaid/assets/fonts/fa-duotone-901.html]
[html.aqlova.com/kindaid-demo/kindaid/assets/fonts/fa-light-300.html]
[html.aqlova.com/kindaid-demo/kindaid/assets/fonts/fa-light-301.html]
[html.aqlova.com/kindaid-demo/kindaid/assets/fonts/fa-regular-400.html]
[html.aqlova.com/kindaid-demo/kindaid/assets/fonts/fa-regular-401.html]
[html.aqlova.com/kindaid-demo/kindaid/assets/fonts/fa-solid-900.html]
[html.aqlova.com/kindaid-demo/kindaid/assets/fonts/fa-solid-901.html]
[html.aqlova.com/kindaid-demo/kindaid/assets/fonts/fa-thin-100.html]
[html.aqlova.com/kindaid-demo/kindaid/assets/fonts/fa-thin-101.html]
[html.aqlova.com/kindaid-demo/kindaid/assets/fonts/fa-v4compatibility.html]
[html.aqlova.com/kindaid-demo/kindaid/assets/fonts/fa-v4compatibility-2.html]
[html.aqlova.com/kindaid-demo/kindaid/assets/css/images/ui-icons_444444_256x240.html]
[html.aqlova.com/kindaid-demo/kindaid/assets/css/images/ui-icons_555555_256x240.html]
[html.aqlova.com/kindaid-demo/kindaid/assets/css/images/ui-icons_ffffff_256x240.html]
[html.aqlova.com/kindaid-demo/kindaid/assets/css/images/ui-icons_777620_256x240.html]
[html.aqlova.com/kindaid-demo/kindaid/assets/css/images/ui-icons_cc0000_256x240.html]
[html.aqlova.com/kindaid-demo/kindaid/assets/css/images/ui-icons_777777_256x240.html]
[html.aqlova.com/kindaid-demo/kindaid/assets/img/product/icon/check.html]
[html.aqlova.com/kindaid-demo/kindaid/assets/img/hero/thumb.html]
[html.aqlova.com/kindaid-demo/kindaid/assets/img/service/shape.html]
[html.aqlova.com/kindaid-demo/kindaid/assets/img/service/thumb.html]
[html.aqlova.com/kindaid-demo/kindaid/assets/img/join/join_01.html]
[html.aqlova.com/kindaid-demo/kindaid/assets/img/join/join_02.html]
[html.aqlova.com/kindaid-demo/kindaid/assets/img/join/join_03.html]
[html.aqlova.com/kindaid-demo/kindaid/assets/img/join/join_04.html]
[html.aqlova.com/kindaid-demo/kindaid/assets/img/chose/thumb.html]
[html.aqlova.com/kindaid-demo/kindaid/assets/img/events/thumb.html]
[html.aqlova.com/kindaid-demo/kindaid/assets/img/events/thumb-2.html]
[html.aqlova.com/kindaid-demo/kindaid/assets/img/events/thumb-3.html]
[html.aqlova.com/kindaid-demo/kindaid/assets/img/team/team.html]
[html.aqlova.com/kindaid-demo/kindaid/assets/img/team/team-2.html]
[html.aqlova.com/kindaid-demo/kindaid/assets/img/team/team-3.html]
[html.aqlova.com/kindaid-demo/kindaid/assets/img/team/team-4.html]
[html.aqlova.com/kindaid-demo/kindaid/assets/img/brand/logo.html]
[html.aqlova.com/kindaid-demo/kindaid/assets/img/brand/logo-2.html]
[html.aqlova.com/kindaid-demo/kindaid/assets/img/brand/logo-3.html]
[html.aqlova.com/kindaid-demo/kindaid/assets/img/brand/logo-4.html]
[html.aqlova.com/kindaid-demo/kindaid/assets/img/brand/logo-5.html]
[html.aqlova.com/kindaid-demo/kindaid/assets/img/update/breadcrumb/bg.html]
[html.aqlova.com/kindaid-demo/kindaid/assets/img/product/product.html]
[html.aqlova.com/kindaid-demo/kindaid/assets/img/product/product-5.html]
[html.aqlova.com/kindaid-demo/kindaid/assets/img/product/details/product-details-nav-1.html]
[html.aqlova.com/kindaid-demo/kindaid/assets/img/product/details/product-details-nav-2.html]
[html.aqlova.com/kindaid-demo/kindaid/assets/img/product/details/product-details-nav-3.html]
[html.aqlova.com/kindaid-demo/kindaid/assets/img/product/details/product-details-nav-4.html]
[html.aqlova.com/kindaid-demo/kindaid/assets/img/product/details/product-details-nav-5.html]
[html.aqlova.com/kindaid-demo/kindaid/assets/img/product/cart/payment-option.html]
[html.aqlova.com/kindaid-demo/kindaid/assets/img/product/details/user-3.html]
[html.aqlova.com/kindaid-demo/kindaid/assets/img/product/details/user-4.html]
[html.aqlova.com/kindaid-demo/kindaid/assets/img/product/shop/sm/shop-sm-1.html]
[html.aqlova.com/kindaid-demo/kindaid/assets/img/product/shop/sm/shop-sm-2.html]
[html.aqlova.com/kindaid-demo/kindaid/assets/img/product/shop/sm/shop-sm-3.html]
[html.aqlova.com/kindaid-demo/kindaid/assets/img/product/shop/sm/shop-sm-4.html]
[html.aqlova.com/kindaid-demo/kindaid/assets/img/product/product-6.html]
[html.aqlova.com/kindaid-demo/kindaid/assets/img/product/product-7.html]
[html.aqlova.com/kindaid-demo/kindaid/assets/img/product/product-8.html]
[html.aqlova.com/kindaid-demo/kindaid/assets/img/product/product-9.html]
[html.aqlova.com/kindaid-demo/kindaid/assets/img/about/about-3/thumb.html]
[html.aqlova.com/kindaid-demo/kindaid/assets/img/about/about-3/thumb-2.html]
[html.aqlova.com/kindaid-demo/kindaid/assets/img/about/about-3/thumb-3.html]
[html.aqlova.com/kindaid-demo/kindaid/assets/img/about/about-3/shape.html]
[html.aqlova.com/kindaid-demo/kindaid/assets/img/about/about-3/icon.html]
[html.aqlova.com/kindaid-demo/kindaid/assets/img/about/text.html]
[html.aqlova.com/kindaid-demo/kindaid/assets/img/service/service-3/thumb.html]
[html.aqlova.com/kindaid-demo/kindaid/assets/img/service/service-3/thumb-2.html]
[html.aqlova.com/kindaid-demo/kindaid/assets/img/service/service-3/thumb-3.html]
[html.aqlova.com/kindaid-demo/kindaid/assets/img/service/service-3/thumb-4.html]
[html.aqlova.com/kindaid-demo/kindaid/assets/img/events/events-3/thumb.html]
[html.aqlova.com/kindaid-demo/kindaid/assets/img/events/events-3/thumb-2.html]
[html.aqlova.com/kindaid-demo/kindaid/assets/img/events/events-3/thumb-3.html]
[html.aqlova.com/kindaid-demo/kindaid/assets/img/events/events-3/thumb-4.html]
[html.aqlova.com/kindaid-demo/kindaid/assets/img/cta/cta-icon.html]
[html.aqlova.com/kindaid-demo/kindaid/assets/img/cta/banner-1.html]
[html.aqlova.com/kindaid-demo/kindaid/assets/img/cta/thumbs-up-icon.html]
[html.aqlova.com/kindaid-demo/kindaid/assets/img/cta/banner-2.html]
[html.aqlova.com/kindaid-demo/kindaid/assets/img/testimonial/tes-3/thumb.html]
[html.aqlova.com/kindaid-demo/kindaid/assets/img/causes/thumb-5.html]
[html.aqlova.com/kindaid-demo/kindaid/assets/img/causes/thumb-6.html]
[html.aqlova.com/kindaid-demo/kindaid/assets/img/causes/details/thumb-3.html]
[html.aqlova.com/kindaid-demo/kindaid/assets/img/causes/details/thumb-2.html]
[html.aqlova.com/kindaid-demo/kindaid/assets/img/update/ad/bg.html]
[html.aqlova.com/kindaid-demo/kindaid/assets/img/service/inner/thumb.html]
[html.aqlova.com/kindaid-demo/kindaid/assets/img/service/inner/thumb-2.html]
[html.aqlova.com/kindaid-demo/kindaid/assets/img/service/inner/thumb-3.html]
[html.aqlova.com/kindaid-demo/kindaid/assets/img/events/thumb-4.html]
[html.aqlova.com/kindaid-demo/kindaid/assets/img/events/thumb-5.html]
[html.aqlova.com/kindaid-demo/kindaid/assets/img/events/thumb-6.html]
[html.aqlova.com/kindaid-demo/kindaid/assets/img/events/details/thumb-2.html]
[html.aqlova.com/kindaid-demo/kindaid/assets/img/team/team-5.html]
[html.aqlova.com/kindaid-demo/kindaid/assets/img/team/team-6.html]
[html.aqlova.com/kindaid-demo/kindaid/assets/img/team/team-7.html]
[html.aqlova.com/kindaid-demo/kindaid/assets/img/team/team-8.html]
[html.aqlova.com/kindaid-demo/kindaid/assets/img/team/details/team-deails.html]
[html.aqlova.com/kindaid-demo/kindaid/assets/img/team/details/team-deails-2.html]
[html.aqlova.com/kindaid-demo/kindaid/assets/img/blog/blog-4.html]
[html.aqlova.com/kindaid-demo/kindaid/assets/img/blog/blog-5.html]
[html.aqlova.com/kindaid-demo/kindaid/assets/img/blog/blog-6.html]
[html.aqlova.com/kindaid-demo/kindaid/assets/img/blog/postbox/thumb-1.html]
[html.aqlova.com/kindaid-demo/kindaid/assets/img/blog/postbox/author.html]
[html.aqlova.com/kindaid-demo/kindaid/assets/img/blog/postbox/thumb-2.html]
[html.aqlova.com/kindaid-demo/kindaid/assets/img/blog/postbox/thumb-3.html]
[html.aqlova.com/kindaid-demo/kindaid/assets/img/blog/postbox/thumb-4.html]
[html.aqlova.com/kindaid-demo/kindaid/assets/img/blog/sidebar/author.html]
[html.aqlova.com/kindaid-demo/kindaid/assets/img/blog/details/thumb.html]
[html.aqlova.com/kindaid-demo/kindaid/assets/img/blog/postbox/user-3.html]
[html.aqlova.com/kindaid-demo/kindaid/assets/img/blog/blog-author.html]
[html.aqlova.com/kindaid-demo/kindaid/assets/img/blog/blog-author-2.html]
